
> war-room@0.1.0 build
> next build

Ôû▓ Next.js 16.1.6 (Turbopack)
- Environments: .env.local

node.exe : ÔÜá The 
"middleware" file 
convention is 
deprecated. Please 
use "proxy" instead. 
Learn more: https://ne
xtjs.org/docs/messages
/middleware-to-proxy
En línea: 1 Carácter: 
1
+ & "C:\Program Files\
nodejs/node.exe" 
"C:\Program 
Files\nodejs/node_mo 
...
+ ~~~~~~~~~~~~~~~~~~~~
~~~~~~~~~~~~~~~~~~~~~~
~~~~~~~~~~~~~~~~~~~~~~
~~~~~
    + CategoryInfo    
          : NotSpeci  
  fied: (ÔÜá The "m   
 iddle...leware-to    
-proxy:String) []    
, RemoteException
    + FullyQualifiedE 
   rrorId : NativeCo  
  mmandError
 
  Creating an optimized production build ...

> Build error occurred
Error: Turbopack 
build failed with 4 
errors:
./src/app/login/login-
view.tsx:5:1
Module not found: 
Can't resolve '@/compo
nents/ui/button'
[0m [90m 3 |[39m 
[36mimport[39m { 
useState } 
[36mfrom[39m 
[32m'react'[39m
 [90m 4 |[39m 
[36mimport[39m { 
createClient } 
[36mfrom[39m [32m'@
/lib/supabase/client'
[39m
[31m[1m>[22m[39m[
90m 5 |[39m 
[36mimport[39m { 
[33mButton[39m } 
[36mfrom[39m [32m'@
/components/ui/button'
[39m
 [90m   |[39m [31m
[1m^[22m[39m[31m[1
m^[22m[39m[31m[1m^
[22m[39m[31m[1m^[
22m[39m[31m[1m^[22
m[39m[31m[1m^[22m
[39m[31m[1m^[22m[3
9m[31m[1m^[22m[39m
[31m[1m^[22m[39m[
31m[1m^[22m[39m[31
m[1m^[22m[39m[31m
[1m^[22m[39m[31m[1
m^[22m[39m[31m[1m^
[22m[39m[31m[1m^[
22m[39m[31m[1m^[22
m[39m[31m[1m^[22m
[39m[31m[1m^[22m[3
9m[31m[1m^[22m[39m
[31m[1m^[22m[39m[
31m[1m^[22m[39m[31
m[1m^[22m[39m[31m
[1m^[22m[39m[31m[1
m^[22m[39m[31m[1m^
[22m[39m[31m[1m^[
22m[39m[31m[1m^[22
m[39m[31m[1m^[22m
[39m[31m[1m^[22m[3
9m[31m[1m^[22m[39m
[31m[1m^[22m[39m[
31m[1m^[22m[39m[31
m[1m^[22m[39m[31m
[1m^[22m[39m[31m[1
m^[22m[39m[31m[1m^
[22m[39m[31m[1m^[
22m[39m[31m[1m^[22
m[39m[31m[1m^[22m
[39m[31m[1m^[22m[3
9m[31m[1m^[22m[39m
[31m[1m^[22m[39m[
31m[1m^[22m[39m[31
m[1m^[22m[39m[31m
[1m^[22m[39m[31m[1
m^[22m[39m[31m[1m^
[22m[39m
 [90m 6 |[39m 
[36mimport[39m { 
[33mInput[39m } 
[36mfrom[39m [32m'@
/components/ui/input'
[39m
 [90m 7 |[39m 
[36mimport[39m { 
toast } 
[36mfrom[39m 
[32m'sonner'[39m
 [90m 8 |[39m[0m

Import map: aliased 
to relative './src/com
ponents/ui/button' 
inside of [project]/


Import trace:
  Server Component:
    ./src/app/login/lo
gin-view.tsx
    ./src/app/login/pa
ge.tsx

https://nextjs.org/doc
s/messages/module-not-
found


./src/app/page.tsx:3:1
Module not found: 
Can't resolve '@/compo
nents/ui/button'
[0m [90m 1 |[39m 
[36mimport[39m 
[33mLink[39m 
[36mfrom[39m 
[32m'next/link'[39m
 [90m 2 |[39m 
[36mimport[39m { 
createClient } 
[36mfrom[39m [32m'@
/lib/supabase/server'
[39m
[31m[1m>[22m[39m[
90m 3 |[39m 
[36mimport[39m { 
[33mButton[39m } 
[36mfrom[39m [32m'@
/components/ui/button'
[39m
 [90m   |[39m [31m
[1m^[22m[39m[31m[1
m^[22m[39m[31m[1m^
[22m[39m[31m[1m^[
22m[39m[31m[1m^[22
m[39m[31m[1m^[22m
[39m[31m[1m^[22m[3
9m[31m[1m^[22m[39m
[31m[1m^[22m[39m[
31m[1m^[22m[39m[31
m[1m^[22m[39m[31m
[1m^[22m[39m[31m[1
m^[22m[39m[31m[1m^
[22m[39m[31m[1m^[
22m[39m[31m[1m^[22
m[39m[31m[1m^[22m
[39m[31m[1m^[22m[3
9m[31m[1m^[22m[39m
[31m[1m^[22m[39m[
31m[1m^[22m[39m[31
m[1m^[22m[39m[31m
[1m^[22m[39m[31m[1
m^[22m[39m[31m[1m^
[22m[39m[31m[1m^[
22m[39m[31m[1m^[22
m[39m[31m[1m^[22m
[39m[31m[1m^[22m[3
9m[31m[1m^[22m[39m
[31m[1m^[22m[39m[
31m[1m^[22m[39m[31
m[1m^[22m[39m[31m
[1m^[22m[39m[31m[1
m^[22m[39m[31m[1m^
[22m[39m[31m[1m^[
22m[39m[31m[1m^[22
m[39m[31m[1m^[22m
[39m[31m[1m^[22m[3
9m[31m[1m^[22m[39m
[31m[1m^[22m[39m[
31m[1m^[22m[39m[31
m[1m^[22m[39m[31m
[1m^[22m[39m[31m[1
m^[22m[39m[31m[1m^
[22m[39m
 [90m 4 |[39m 
[36mimport[39m { [3
3mPlusCircle[39m[33m
,[39m [33mMessageSqu
are[39m } 
[36mfrom[39m [32m'l
ucide-react'[39m
 [90m 5 |[39m
 [90m 6 |[39m 
[36mexport[39m 
[36mdefault[39m 
[36masync[39m 
[36mfunction[39m 
[33mHome[39m() {[0m

Import map: aliased 
to relative './src/com
ponents/ui/button' 
inside of [project]/


https://nextjs.org/doc
s/messages/module-not-
found


./src/app/login/login-
view.tsx:6:1
Module not found: 
Can't resolve '@/compo
nents/ui/input'
[0m [90m 4 |[39m 
[36mimport[39m { 
createClient } 
[36mfrom[39m [32m'@
/lib/supabase/client'
[39m
 [90m 5 |[39m 
[36mimport[39m { 
[33mButton[39m } 
[36mfrom[39m [32m'@
/components/ui/button'
[39m
[31m[1m>[22m[39m[
90m 6 |[39m 
[36mimport[39m { 
[33mInput[39m } 
[36mfrom[39m [32m'@
/components/ui/input'
[39m
 [90m   |[39m [31m
[1m^[22m[39m[31m[1
m^[22m[39m[31m[1m^
[22m[39m[31m[1m^[
22m[39m[31m[1m^[22
m[39m[31m[1m^[22m
[39m[31m[1m^[22m[3
9m[31m[1m^[22m[39m
[31m[1m^[22m[39m[
31m[1m^[22m[39m[31
m[1m^[22m[39m[31m
[1m^[22m[39m[31m[1
m^[22m[39m[31m[1m^
[22m[39m[31m[1m^[
22m[39m[31m[1m^[22
m[39m[31m[1m^[22m
[39m[31m[1m^[22m[3
9m[31m[1m^[22m[39m
[31m[1m^[22m[39m[
31m[1m^[22m[39m[31
m[1m^[22m[39m[31m
[1m^[22m[39m[31m[1
m^[22m[39m[31m[1m^
[22m[39m[31m[1m^[
22m[39m[31m[1m^[22
m[39m[31m[1m^[22m
[39m[31m[1m^[22m[3
9m[31m[1m^[22m[39m
[31m[1m^[22m[39m[
31m[1m^[22m[39m[31
m[1m^[22m[39m[31m
[1m^[22m[39m[31m[1
m^[22m[39m[31m[1m^
[22m[39m[31m[1m^[
22m[39m[31m[1m^[22
m[39m[31m[1m^[22m
[39m[31m[1m^[22m[3
9m[31m[1m^[22m[39m
[31m[1m^[22m[39m[
31m[1m^[22m[39m[31
m[1m^[22m[39m[31m
[1m^[22m[39m
 [90m 7 |[39m 
[36mimport[39m { 
toast } 
[36mfrom[39m 
[32m'sonner'[39m
 [90m 8 |[39m
 [90m 9 |[39m 
[36mexport[39m 
[36mfunction[39m 
[33mLoginView[39m() 
{[0m

Import map: aliased 
to relative './src/com
ponents/ui/input' 
inside of [project]/


Import trace:
  Server Component:
    ./src/app/login/lo
gin-view.tsx
    ./src/app/login/pa
ge.tsx

https://nextjs.org/doc
s/messages/module-not-
found


./src/app/layout.tsx:4
:1
Module not found: 
Can't resolve '@/compo
nents/ui/sonner'
[0m [90m 2 |[39m 
[36mimport[39m { 
[33mInter[39m } 
[36mfrom[39m [32m"n
ext/font/google"[39m
[33m;[39m
 [90m 3 |[39m 
[36mimport[39m [32m
"./globals.css"[39m[
33m;[39m
[31m[1m>[22m[39m[
90m 4 |[39m 
[36mimport[39m { 
[33mToaster[39m } 
[36mfrom[39m [32m"@
/components/ui/sonner"
[39m[33m;[39m
 [90m   |[39m [31m
[1m^[22m[39m[31m[1
m^[22m[39m[31m[1m^
[22m[39m[31m[1m^[
22m[39m[31m[1m^[22
m[39m[31m[1m^[22m
[39m[31m[1m^[22m[3
9m[31m[1m^[22m[39m
[31m[1m^[22m[39m[
31m[1m^[22m[39m[31
m[1m^[22m[39m[31m
[1m^[22m[39m[31m[1
m^[22m[39m[31m[1m^
[22m[39m[31m[1m^[
22m[39m[31m[1m^[22
m[39m[31m[1m^[22m
[39m[31m[1m^[22m[3
9m[31m[1m^[22m[39m
[31m[1m^[22m[39m[
31m[1m^[22m[39m[31
m[1m^[22m[39m[31m
[1m^[22m[39m[31m[1
m^[22m[39m[31m[1m^
[22m[39m[31m[1m^[
22m[39m[31m[1m^[22
m[39m[31m[1m^[22m
[39m[31m[1m^[22m[3
9m[31m[1m^[22m[39m
[31m[1m^[22m[39m[
31m[1m^[22m[39m[31
m[1m^[22m[39m[31m
[1m^[22m[39m[31m[1
m^[22m[39m[31m[1m^
[22m[39m[31m[1m^[
22m[39m[31m[1m^[22
m[39m[31m[1m^[22m
[39m[31m[1m^[22m[3
9m[31m[1m^[22m[39m
[31m[1m^[22m[39m[
31m[1m^[22m[39m[31
m[1m^[22m[39m[31m
[1m^[22m[39m[31m[1
m^[22m[39m[31m[1m^
[22m[39m[31m[1m^[
22m[39m[31m[1m^[22
m[39m
 [90m 5 |[39m
 [90m 6 |[39m 
[36mconst[39m inter 
[33m=[39m 
[33mInter[39m({ 
subsets[33m:[39m 
[[32m"latin"[39m] 
})[33m;[39m
 [90m 7 |[39m[0m

Import map: aliased 
to relative './src/com
ponents/ui/sonner' 
inside of [project]/


https://nextjs.org/doc
s/messages/module-not-
found


    at <unknown> (./sr
c/app/login/login-view
.tsx:5:1)
    at <unknown> (http
s://nextjs.org/docs/me
ssages/module-not-foun
d)
    at <unknown> (./sr
c/app/page.tsx:3:1)
    at <unknown> (http
s://nextjs.org/docs/me
ssages/module-not-foun
d)
    at <unknown> (./sr
c/app/login/login-view
.tsx:6:1)
    at <unknown> (http
s://nextjs.org/docs/me
ssages/module-not-foun
d)
    at <unknown> (./sr
c/app/layout.tsx:4:1)
    at <unknown> (http
s://nextjs.org/docs/me
ssages/module-not-foun
d)
